Welcome to the TDL Hydra Head

Steps for Getting the Code Up and Running:

$ git clone git@github.com:mkorcy/tdl_hydra_head.git
$ cd tdl_hydra_head/
$ git submodule init
$ git submodule update
$ rake db:migrate
$ rake hydra:jetty:config
$ rake hydra:jetty:start
$ rake tufts_dca:refresh
$ rake tufts_dca:refresh RAILS_ENV=test
$ rails server

Working with TDL Objects in the Console

load "tufts_facpub.rb"
p= TuftsFacultyPublication.load_instance('tufts:UA005.036.001.00001')
p.datastreams_in_memory["DCA-META"].get_values :filesize
p.datastreams_in_memory["DCA-META"].get_values :title

solrizer = Solrizer::Fedora::Solrizer.new
solrizer.solrize "tufts:PB.002.001.00001"

rights_ds2 = TuftsRightsMetadata.new
rights_ds2.to_solr

Where are the TDL views?

Where are the TDL models?

Refreshing TDL Fixtures:
$rake tufts_dca:refresh

Merging new changes from Github:
$ git fetch origin
remote: Counting objects: 15, done.
remote: Compressing objects: 100% (3/3), done.
remote: Total 9 (delta 6), reused 9 (delta 6)
Unpacking objects: 100% (9/9), done.
From github.com:mkorcy/tdl_hydra_head
   3a5899a..6d0d7a1  master     -> origin/master

$ git merge origin/master
Updating 3a5899a..6d0d7a1
Fast-forward
 Gemfile                                      |    1 +
 Gemfile.lock                                 |    3 ++-
 test_support/fixtures/tufts_PB.002.001.00001 |    2 +-
 3 files changed, 4 insertions(+), 2 deletions(-)

--END

How do I find modified files between local and remote?
(see: http://stackoverflow.com/questions/231211/using-git-how-do-i-find-modified-files-between-local-and-remote)
$ git fetch origin
remote: Counting objects: 44, done.
remote: Compressing objects: 100% (14/14), done.
remote: Total 31 (delta 15), reused 31 (delta 15)
Unpacking objects: 100% (31/31), done.
From github.com:mkorcy/tdl_hydra_head
   0c9be45..0c3e221  master     -> origin/master
$ git log master..origin/master
commit 0c3e22159e1922b239f08f05e3ec096cc8aa207c
Author: Brian Goodmon <brian.goodmon@tufts.edu>
Date:   Tue Nov 15 12:18:06 2011 -0500

    Modified audio_player.css to override list item style conflict with yui.css.

commit 4f1c8a70569b916437c50dc55c4e852ef5af2e0b
Author: Brian Goodmon <brian.goodmon@tufts.edu>
Date:   Tue Nov 15 12:12:14 2011 -0500

    Changes and additions for audio player.

--END

